Microchip MPLAB XC8 Compiler V2.45

Linker command line:

-W-3 \
  --edf=C:\Program Files\Microchip\xc8\v2.45\pic\dat\20230818022343_en.msgs \
  -cn -h+dist/default/production\P2.X.production.sym \
  --cmf=dist/default/production\P2.X.production.cmf -z -Q18F4321 \
  -oC:\Users\LEX\AppData\Local\Temp\xcAsdmk.\driver_tmp_3.o \
  --defsym=__MPLAB_BUILD=1 --fixupoverflow=error \
  -Mdist/default/production/P2.X.production.map \
  --md=C:\Users\LEX\AppData\Local\Temp\xcAsdmk.\driver_tmp_0.dat -E1 \
  -ver=XC8 Compiler --acfsm=1493 -ACODE=00h-01FFFh -ACONST=00h-01FFFh \
  -ASMALLCONST=0200h-02FFhx30 -AMEDIUMCONST=0200h-01FFFh -ACOMRAM=01h-07Fh \
  -AABS1=00h-01FFh -ABIGRAM=01h-01FFh -ARAM=080h-0FFh,0100h-01FFh \
  -ABANK0=080h-0FFh -ABANK1=0100h-01FFh -ASFR=0F80h-0FFFh \
  -ABIGSFR=0F80h-0FFFh -ACONFIG=0300000h-030000Dh -AIDLOC=0200000h-0200007h \
  -AEEDATA=0F00000h-0F000FFh -peeprom_data=EEDATA \
  -preset_vec=00h,intcode=08h,intcodelo,powerup,init -pramtop=0200h \
  -psmallconst=SMALLCONST -pmediumconst=MEDIUMCONST -pconst=CONST \
  -AFARRAM=00h-00h \
  -prdata=COMRAM,nvrram=COMRAM,nvbit=COMRAM,rbss=COMRAM,rbit=COMRAM \
  -pfarbss=FARRAM,fardata=FARRAM,nvFARRAM=FARRAM \
  -pintsave_regs=BIGRAM,bigbss=BIGRAM,bigdata=BIGRAM -pbss=RAM \
  -pidata=CODE,irdata=CODE,ibigdata=CODE,ifardata=CODE -prparam=COMRAM \
  C:\Users\LEX\AppData\Local\Temp\xcAsdmk.\driver_tmp_9.o \
  dist/default/production\P2.X.production.o 

Object code version is 3.11

Machine type is 18F4321



                Name                               Link     Load   Length Selector   Space Scale
C:\Users\LEX\AppData\Local\Temp\xcAsdmk.\driver_tmp_9.o
                idloc                            200000   200000        8        0       5
                config                           300000   300000        E        0       4
                init                                 20       20        4        4       0
                reset_vec                             0        0        4        0       0
dist/default/production\P2.X.production.o
                intcode                               8        8       18        4       0
                idloc                            200000   200000        8        0       5
                config                           300000   300000        E        0       4
                temp                                 7D       7D        1        1       1
                smallconst                          200      200       80      100       0
                text26                              B42      B42       1C      140       0
                text24                              750      750       88      140       0
                text23                              6C8      6C8       88      140       0
                text22                              ACA      ACA       32      140       0
                text21                              9D4      9D4       4C      140       0
                text20                              AFC      AFC       24      140       0
                text19                              A20      A20       40      140       0
                text18                              8CA      8CA       60      140       0
                text17                              B5E      B5E       16      140       0
                text16                              BD8      BD8        C      5DD       0
                text15                              3C4      3C4       DA      140       0
                text14                              62E      62E       9A      140       0
                text13                              92A      92A       58      140       0
                text12                              56E      56E       C0      140       0
                text11                              280      280      144      140       0
                text10                              A60      A60       36      140       0
                text9                               BEE      BEE        4      5DD       0
                text8                               A96      A96       34      140       0
                text7                               BCA      BCA        E      5DD       0
                text6                               B86      B86       12      140       0
                text5                               BE4      BE4        A      5DD       0
                text4                               BBA      BBA       10      5DD       0
                text3                               B74      B74       12      140       0
                text2                               B20      B20       22      140       0
                text1                               85E      85E       6C      140       0
                text0                               982      982       52      140       0
                cstackCOMRAM                         56       56       16        1       1
                dataBANK1                           100      100       D0      100       1
                dataBANK0                            CB       CB       10       80       1
                bssBANK0                             80       80       4B       80       1
                dataCOMRAM                           6C       6C       11        1       1
                bssCOMRAM                             1        1       55        1       1
                cinit                               7D8      7D8       86      140       0
                idataBANK1                          49E      49E       D0      140       0
                idataBANK0                          BA9      BA9       10      140       0
                idataCOMRAM                         B98      B98       11      140       0

TOTAL           Name                               Link     Load   Length     Space
        CLASS   CODE           
                intcode                               8        8       18         0
                init                                 20       20        4         0
                reset_vec                             0        0        4         0
                text26                              B42      B42       1C         0
                text24                              750      750       88         0
                text23                              6C8      6C8       88         0
                text22                              ACA      ACA       32         0
                text21                              9D4      9D4       4C         0
                text20                              AFC      AFC       24         0
                text19                              A20      A20       40         0
                text18                              8CA      8CA       60         0
                text17                              B5E      B5E       16         0
                text16                              BD8      BD8        C         0
                text15                              3C4      3C4       DA         0
                text14                              62E      62E       9A         0
                text13                              92A      92A       58         0
                text12                              56E      56E       C0         0
                text11                              280      280      144         0
                text10                              A60      A60       36         0
                text9                               BEE      BEE        4         0
                text8                               A96      A96       34         0
                text7                               BCA      BCA        E         0
                text6                               B86      B86       12         0
                text5                               BE4      BE4        A         0
                text4                               BBA      BBA       10         0
                text3                               B74      B74       12         0
                text2                               B20      B20       22         0
                text1                               85E      85E       6C         0
                text0                               982      982       52         0
                cinit                               7D8      7D8       86         0
                idataBANK1                          49E      49E       D0         0
                idataBANK0                          BA9      BA9       10         0
                idataCOMRAM                         B98      B98       11         0

        CLASS   CONST          

        CLASS   SMALLCONST     
                smallconst                          200      200       80         0

        CLASS   MEDIUMCONST    

        CLASS   COMRAM         
                temp                                 7D       7D        1         1
                cstackCOMRAM                         56       56       16         1
                dataCOMRAM                           6C       6C       11         1
                bssCOMRAM                             1        1       55         1

        CLASS   ABS1           

        CLASS   BIGRAM         

        CLASS   RAM            

        CLASS   BANK0          
                dataBANK0                            CB       CB       10         1
                bssBANK0                             80       80       4B         1

        CLASS   BANK1          
                dataBANK1                           100      100       D0         1

        CLASS   SFR            

        CLASS   BIGSFR         

        CLASS   CONFIG         
                config                           300000   300000        E         4

        CLASS   IDLOC          
                idloc                            200000   200000        8         5

        CLASS   EEDATA         

        CLASS   FARRAM         

        CLASS   HEAP           

        CLASS   STACK          



SEGMENTS        Name                           Load    Length   Top    Selector   Space  Class

                reset_vec                      000000  000004  000004         0       0  CODE    
                bssCOMRAM                      000001  00007D  00007E         1       1  COMRAM  
                intcode                        000008  00001C  000024         4       0  CODE    
                bssBANK0                       000080  00005B  0000DB        80       1  BANK0   
                dataBANK1                      000100  0000D0  0001D0       100       1  BANK1   
                smallconst                     000200  000080  000280       100       0  SMALLCON
                text11                         000280  000939  000BB9       140       0  CODE    
                text4                          000BBA  000038  000BF2       5DD       0  CODE    


UNUSED ADDRESS RANGES

        Name                Unused          Largest block    Delta
        BANK0            0000DB-0000FF               25
        BANK1            0001D0-0001FF               30
        BIGRAM           00007E-00007F                2
                         0000DB-0000FF               25
                         0001D0-0001FF               30
        BIGSFR           000F80-000FFF               80
        CODE             000004-000007                4
                         000024-0001FF              1DC
                         000BB9-000BB9                1
                         000BF2-001FFF             140E
        COMRAM           00007E-00007F                2
        CONST            000004-000007                4
                         000024-0001FF              1DC
                         000BB9-000BB9                1
                         000BF2-001FFF             140E
        EEDATA           F00000-F000FF              100
        MEDIUMCONST      000BB9-000BB9                1
                         000BF2-001FFF             140E
        RAM              0000DB-0000FF               25
                         0001D0-0001FF               30
        SFR              000F80-000FFF               80
        SMALLCONST       000BB9-000BB9                1
                         000BF2-001FFF              100

                                  Symbol Table

?_TI_GetTics                cstackCOMRAM 000056
CantaIR@IR                  cstackCOMRAM 000058
CantaPartAlta@c             cstackCOMRAM 000057
CantaPartBaixa@c            cstackCOMRAM 000057
EscriuPrimeraOrdre@ordre    cstackCOMRAM 000057
Espera@Timer                cstackCOMRAM 000068
Espera@ms                   cstackCOMRAM 000063
LcGotoXY@Column             cstackCOMRAM 00006A
LcGotoXY@Fisics             cstackCOMRAM 000069
LcGotoXY@Row                cstackCOMRAM 000064
LcInit@columns              cstackCOMRAM 000069
LcInit@i                    cstackCOMRAM 00006B
LcInit@rows                 cstackCOMRAM 00006A
TAD_LcD@state               bssCOMRAM    000026
TAD_Menu@state              bssCOMRAM    00001B
TAD_Speaker@state           bssCOMRAM    00002F
TAD_Teclat@estat            bssCOMRAM    000030
TAD_UART@i                  bssCOMRAM    00000D
TAD_UART@state              bssCOMRAM    00000E
TAD_WIFI@state              bssCOMRAM    000018
TAD_WIFI@var                bssCOMRAM    000017
TAD_WORK@state              bssCOMRAM    000009
TI_GetTics@CopiaTicsActual  cstackCOMRAM 00005E
TI_GetTics@TimerHandle      cstackCOMRAM 000062
TI_Init@counter             cstackCOMRAM 000056
TI_NewTimer@Comptador       cstackCOMRAM 000058
TI_NewTimer@TimerHandle     cstackCOMRAM 000056
TI_ResetTics@TimerHandle    cstackCOMRAM 000056
WaitForBusy@Busy            cstackCOMRAM 000063
_ADCON0                     (abs)        000FC2
_ADCON0bits                 (abs)        000FC2
_ADCON1                     (abs)        000FC1
_ADCON2                     (abs)        000FC0
_ADRESH                     (abs)        000FC4
_BAUDCONbits                (abs)        000FB8
_CantaIR                    text22       000ACA
_CantaPartAlta              text24       000750
_CantaPartBaixa             text23       0006C8
_ColumnAct                  bssCOMRAM    00002B
_Columns                    bssCOMRAM    00002D
_EscriuPrimeraOrdre         text14       00062E
_Espera                     text19       000A20
_INTCONbits                 (abs)        000FF2
_LATA                       (abs)        000F89
_LATAbits                   (abs)        000F89
_LATB                       (abs)        000F8A
_LATBbits                   (abs)        000F8A
_LATCbits                   (abs)        000F8B
_LATD                       (abs)        000F8C
_LATDbits                   (abs)        000F8C
_LATEbits                   (abs)        000F8D
_LcClear                    text17       000B5E
_LcCursorOff                text16       000BD8
_LcGotoXY                   text15       0003C4
_LcGotoXY$783               cstackCOMRAM 000067
_LcInit                     text12       00056E
_PIR1bits                   (abs)        000F9E
_PORTB                      (abs)        000F81
_PORTCbits                  (abs)        000F82
_PORTEbits                  (abs)        000F84
_RCREG                      (abs)        000FAE
_RCSTAbits                  (abs)        000FAB
_RSI                        intcode      000008
_RSI_Timer0                 text26       000B42
_RowAct                     bssCOMRAM    00002C
_Rows                       bssCOMRAM    00002E
_SPBRG                      (abs)        000FAF
_SPBRGH                     (abs)        000FB0
_T0CON                      (abs)        000FD5
_TAD_UART                   text11       000280
_TI_GetTics                 text21       0009D4
_TI_Init                    text10       000A60
_TI_NewTimer                text13       00092A
_TI_ResetTics               text20       000AFC
_TMR0                       (abs)        000FD6
_TMR0IF                     (abs)        007F92
_TRISA                      (abs)        000F92
_TRISAbits                  (abs)        000F92
_TRISB                      (abs)        000F93
_TRISBbits                  (abs)        000F93
_TRISC                      (abs)        000F94
_TRISCbits                  (abs)        000F94
_TRISD                      (abs)        000F95
_TRISE                      (abs)        000F96
_TRISEbits                  (abs)        000F96
_TXREG                      (abs)        000FAD
_TXSTAbits                  (abs)        000FAC
_Tics                       bssCOMRAM    000001
_Timer                      bssCOMRAM    000052
_Timers                     bssBANK0     000080
_WaitForBusy                text18       0008CA
__HRAM                      (abs)        000000
__H__absolute__             __absolute__ 000000
__Habs1                     abs1         000000
__Hbank0                    bank0        000000
__Hbank1                    bank1        000000
__Hbigbss                   bigbss       000000
__Hbigdata                  bigdata      000000
__Hbigram                   bigram       000000
__Hbigsfr                   bigsfr       000000
__Hbss                      bss          000000
__HbssBANK0                 bssBANK0     000000
__HbssCOMRAM                bssCOMRAM    000000
__Hcinit                    cinit        000000
__Hclrtext                  clrtext      000000
__Hcomram                   comram       000000
__Hconfig                   config       30000E
__Hconst                    const        000000
__HcstackCOMRAM             cstackCOMRAM 000000
__Hdata                     data         000000
__HdataBANK0                dataBANK0    000000
__HdataBANK1                dataBANK1    000000
__HdataCOMRAM               dataCOMRAM   000000
__Heeprom_data              eeprom_data  000000
__Hfarbss                   farbss       000000
__Hfardata                  fardata      000000
__Hheap                     heap         000000
__Hibigdata                 ibigdata     000000
__Hidata                    idata        000000
__HidataBANK0               idataBANK0   000000
__HidataBANK1               idataBANK1   000000
__HidataCOMRAM              idataCOMRAM  000000
__Hidloc                    idloc        200008
__Hifardata                 ifardata     000000
__Hinit                     init         000024
__Hintcode                  intcode      000020
__Hintcode_body             intcode_body 000000
__Hintcodelo                intcodelo    000020
__Hintentry                 intentry     000000
__Hintret                   intret       000000
__Hintsave_regs             intsave_regs 000000
__Hirdata                   irdata       000000
__Hmediumconst              mediumconst  000000
__HnvFARRAM                 nvFARRAM     000000
__Hnvbit                    nvbit        000000
__Hnvrram                   nvrram       000000
__Hparam                    rparam       000000
__Hpowerup                  powerup      000020
__Hram                      ram          000000
__Hramtop                   ramtop       000200
__Hrbit                     rbit         000000
__Hrbss                     rbss         000000
__Hrdata                    rdata        000000
__Hreset_vec                reset_vec    000004
__Hrparam                   rparam       000000
__Hsfr                      sfr          000000
__Hsmallconst               smallconst   000280
__Hspace_0                  (abs)        000BF2
__Hspace_1                  (abs)        0001D0
__Hspace_2                  (abs)        000000
__Hspace_4                  (abs)        60000E
__Hstack                    stack        000000
__Hstruct                   struct       000000
__Htemp                     temp         00007E
__Htext                     text         000000
__Htext0                    text0        000000
__Htext1                    text1        000000
__Htext10                   text10       000000
__Htext11                   text11       000000
__Htext12                   text12       000000
__Htext13                   text13       000000
__Htext14                   text14       000000
__Htext15                   text15       000000
__Htext16                   text16       000000
__Htext17                   text17       000000
__Htext18                   text18       000000
__Htext19                   text19       000000
__Htext2                    text2        000000
__Htext20                   text20       000000
__Htext21                   text21       000000
__Htext22                   text22       000000
__Htext23                   text23       000000
__Htext24                   text24       000000
__Htext26                   text26       000000
__Htext3                    text3        000000
__Htext4                    text4        000000
__Htext5                    text5        000000
__Htext6                    text6        000000
__Htext7                    text7        000000
__Htext8                    text8        000000
__Htext9                    text9        000000
__LRAM                      (abs)        000001
__L__absolute__             __absolute__ 000000
__Labs1                     abs1         000000
__Lbank0                    bank0        000000
__Lbank1                    bank1        000000
__Lbigbss                   bigbss       000000
__Lbigdata                  bigdata      000000
__Lbigram                   bigram       000000
__Lbigsfr                   bigsfr       000000
__Lbss                      bss          000000
__LbssBANK0                 bssBANK0     000000
__LbssCOMRAM                bssCOMRAM    000000
__Lcinit                    cinit        000000
__Lclrtext                  clrtext      000000
__Lcomram                   comram       000000
__Lconfig                   config       000000
__Lconst                    const        000000
__LcstackCOMRAM             cstackCOMRAM 000000
__Ldata                     data         000000
__LdataBANK0                dataBANK0    000000
__LdataBANK1                dataBANK1    000000
__LdataCOMRAM               dataCOMRAM   000000
__Leeprom_data              eeprom_data  000000
__Lfarbss                   farbss       000000
__Lfardata                  fardata      000000
__Lheap                     heap         000000
__Libigdata                 ibigdata     000000
__Lidata                    idata        000000
__LidataBANK0               idataBANK0   000000
__LidataBANK1               idataBANK1   000000
__LidataCOMRAM              idataCOMRAM  000000
__Lidloc                    idloc        000000
__Lifardata                 ifardata     000000
__Linit                     init         000020
__Lintcode                  intcode      000008
__Lintcode_body             intcode_body 000000
__Lintcodelo                intcodelo    000020
__Lintentry                 intentry     000000
__Lintret                   intret       000000
__Lintsave_regs             intsave_regs 000000
__Lirdata                   irdata       000000
__Lmediumconst              mediumconst  000000
__LnvFARRAM                 nvFARRAM     000000
__Lnvbit                    nvbit        000000
__Lnvrram                   nvrram       000000
__Lparam                    rparam       000000
__Lpowerup                  powerup      000020
__Lram                      ram          000000
__Lramtop                   ramtop       000200
__Lrbit                     rbit         000000
__Lrbss                     rbss         000000
__Lrdata                    rdata        000000
__Lreset_vec                reset_vec    000000
__Lrparam                   rparam       000000
__Lsfr                      sfr          000000
__Lsmallconst               smallconst   000200
__Lspace_0                  (abs)        000000
__Lspace_1                  (abs)        000000
__Lspace_2                  (abs)        000000
__Lspace_4                  (abs)        000000
__Lstack                    stack        000000
__Lstruct                   struct       000000
__Ltemp                     temp         00007D
__Ltext                     text         000000
__Ltext0                    text0        000000
__Ltext1                    text1        000000
__Ltext10                   text10       000000
__Ltext11                   text11       000000
__Ltext12                   text12       000000
__Ltext13                   text13       000000
__Ltext14                   text14       000000
__Ltext15                   text15       000000
__Ltext16                   text16       000000
__Ltext17                   text17       000000
__Ltext18                   text18       000000
__Ltext19                   text19       000000
__Ltext2                    text2        000000
__Ltext20                   text20       000000
__Ltext21                   text21       000000
__Ltext22                   text22       000000
__Ltext23                   text23       000000
__Ltext24                   text24       000000
__Ltext26                   text26       000000
__Ltext3                    text3        000000
__Ltext4                    text4        000000
__Ltext5                    text5        000000
__Ltext6                    text6        000000
__Ltext7                    text7        000000
__Ltext8                    text8        000000
__Ltext9                    text9        000000
__S0                        (abs)        000BF2
__S1                        (abs)        0001D0
__S4                        (abs)        000000
__S5                        (abs)        000000
___heap_hi                  (abs)        000000
___heap_lo                  (abs)        000000
___inthi_sp                 stack        000000
___inthi_stack_hi           stack        000000
___inthi_stack_lo           stack        000000
___intlo_sp                 stack        000000
___intlo_stack_hi           stack        000000
___intlo_stack_lo           stack        000000
___param_bank               (abs)        000000
___rparam_used              (abs)        000001
___sp                       stack        000000
___stack_hi                 stack        000000
___stack_lo                 stack        000000
__accesstop                 (abs)        000080
__activetblptr              (abs)        000002
__end_of_CantaIR            text22       000AFC
__end_of_CantaPartAlta      text24       0007D8
__end_of_CantaPartBaixa     text23       000750
__end_of_EscriuPrimeraOrdre text14       0006C8
__end_of_Espera             text19       000A60
__end_of_LcClear            text17       000B74
__end_of_LcCursorOff        text16       000BE4
__end_of_LcGotoXY           text15       00049E
__end_of_LcInit             text12       00062E
__end_of_RSI                intcode      000020
__end_of_RSI_Timer0         text26       000B5E
__end_of_TAD_UART           text11       0003C4
__end_of_TI_GetTics         text21       000A20
__end_of_TI_Init            text10       000A96
__end_of_TI_NewTimer        text13       000982
__end_of_TI_ResetTics       text20       000B20
__end_of_WaitForBusy        text18       00092A
__end_of__initialization    cinit        000850
__end_of_getData            text9        000BF2
__end_of_initPorts          text8        000ACA
__end_of_init_ADC           text7        000BD8
__end_of_init_KEYB          text6        000B98
__end_of_init_Menu          text5        000BEE
__end_of_init_SPK           text4        000BCA
__end_of_init_UART          text3        000B86
__end_of_init_WIFI          text2        000B42
__end_of_main               text0        0009D4
__end_of_sendByte           text1        0008CA
__initialization            cinit        0007D8
__mediumconst               mediumconst  000000
__pbssBANK0                 bssBANK0     000080
__pbssCOMRAM                bssCOMRAM    000001
__pcinit                    cinit        0007D8
__pcstackCOMRAM             cstackCOMRAM 000056
__pdataBANK0                dataBANK0    0000CB
__pdataBANK1                dataBANK1    000100
__pdataCOMRAM               dataCOMRAM   00006C
__pidataBANK0               idataBANK0   000BA9
__pidataBANK1               idataBANK1   00049E
__pidataCOMRAM              idataCOMRAM  000B98
__pintcode                  intcode      000008
__psmallconst               smallconst   000200
__ptext0                    text0        000982
__ptext1                    text1        00085E
__ptext10                   text10       000A60
__ptext11                   text11       000280
__ptext12                   text12       00056E
__ptext13                   text13       00092A
__ptext14                   text14       00062E
__ptext15                   text15       0003C4
__ptext16                   text16       000BD8
__ptext17                   text17       000B5E
__ptext18                   text18       0008CA
__ptext19                   text19       000A20
__ptext2                    text2        000B20
__ptext20                   text20       000AFC
__ptext21                   text21       0009D4
__ptext22                   text22       000ACA
__ptext23                   text23       0006C8
__ptext24                   text24       000750
__ptext26                   text26       000B42
__ptext3                    text3        000B74
__ptext4                    text4        000BBA
__ptext5                    text5        000BE4
__ptext6                    text6        000B86
__ptext7                    text7        000BCA
__ptext8                    text8        000A96
__ptext9                    text9        000BEE
__ramtop                    ramtop       000200
__smallconst                smallconst   000200
_bye                        dataCOMRAM   00006C
_count                      bssCOMRAM    00001E
_digitNumber                bssCOMRAM    000032
_enable                     bssCOMRAM    000031
_enable@LcTLCD$F788         bssCOMRAM    000027
_flag                       bssCOMRAM    000014
_flags                      bssCOMRAM    000015
_func                       bssCOMRAM    00000C
_getData                    text9        000BEE
_i                          bssCOMRAM    000034
_i@LcTLCD$F787              bssCOMRAM    000028
_i@TAD_MENU$F966            bssCOMRAM    000021
_index                      bssCOMRAM    000022
_initPorts                  text8        000A96
_init_ADC                   text7        000BCA
_init_KEYB                  text6        000B86
_init_Menu                  text5        000BE4
_init_SPK                   text4        000BBA
_init_UART                  text3        000B74
_init_WIFI                  text2        000B20
_instruction                dataBANK1    0001A1
_lastState                  bssCOMRAM    00001A
_localPort                  bssCOMRAM    000046
_localPort@TAD_WORK$F1400   bssCOMRAM    000007
_main                       text0        000982
_menuBottom                 bssCOMRAM    000023
_menuTop                    bssCOMRAM    000024
_menus                      dataBANK1    000100
_message                    dataBANK0    0000CB
_message@TAD_WORK$F1403     bssCOMRAM    000036
_name                       dataCOMRAM   000079
_offset                     bssCOMRAM    000020
_print                      bssCOMRAM    000029
_rc                         bssCOMRAM    00004E
_rc_data                    bssCOMRAM    000016
_remotePort                 bssCOMRAM    00004A
_remotePort@TAD_WORK$F1401  bssCOMRAM    000005
_sendByte                   text1        00085E
_t                          bssCOMRAM    000055
_t1                         bssCOMRAM    000054
_t@TAD_MENU$F958            bssCOMRAM    000051
_t@TAD_SPEAKER$F528         bssCOMRAM    000053
_t@TAD_WIFI$F1219           bssCOMRAM    000050
_tecla                      bssCOMRAM    000035
_teclaPremuda               bssCOMRAM    000033
_tx                         bssCOMRAM    00004F
_userFlag                   bssCOMRAM    000025
btemp                       temp         00007D
cipStart@offset             bssCOMRAM    00000B
clearMessage@i              bssCOMRAM    00001C
end_of_initialization       cinit        000850
int$flags                   temp         00007D
intlevel0                   text         000000
intlevel1                   text         000000
intlevel2                   text         000000
intlevel3                   text         000000
isa$std                     (abs)        000001
isa$xinst                   (abs)        000000
printMarquesina@row         bssCOMRAM    00001D
sendByte@_byte              cstackCOMRAM 000057
sendByte@aux                bssCOMRAM    000010
sendByte@i                  bssCOMRAM    000011
sendString@i                bssCOMRAM    00000F
setMessage@i                bssCOMRAM    00000A
stackhi                     (abs)        000000
stacklo                     (abs)        000000
start                       init         000020
start_initialization        cinit        0007D8
transmitString@i            bssCOMRAM    000019
ttemp5                      temp         00007E
ttemp6                      temp         000081
ttemp7                      temp         000085
wtemp8                      temp         00007E


MODULE INFORMATION

Module		Function		Class		Link	Load	Size
TAD_WIFI.C
		_init_WIFI     		CODE           	0B20	0000	34

TAD_WIFI.C estimated size: 34

TAD_MENU.C
		_init_Menu     		CODE           	0BE4	0000	10

TAD_MENU.C estimated size: 10

TAD_JOYSTICK.C
		_init_ADC      		CODE           	0BCA	0000	14

TAD_JOYSTICK.C estimated size: 14

TAD_TECLAT.c
		_init_KEYB     		CODE           	0B86	0000	18

TAD_TECLAT.c estimated size: 18

TAD_UART.C
		_init_UART     		CODE           	0B74	0000	18
		_getData       		CODE           	0BEE	0000	4
		_sendByte      		CODE           	085E	0000	108
		_TAD_UART      		CODE           	0280	0000	324

TAD_UART.C estimated size: 454

LcTLCD.c
		_EscriuPrimeraOrdre		CODE           	062E	0000	154
		_WaitForBusy   		CODE           	08CA	0000	96
		_LcGotoXY      		CODE           	03C4	0000	218
		_LcClear       		CODE           	0B5E	0000	22
		_LcCursorOff   		CODE           	0BD8	0000	12
		_LcInit        		CODE           	056E	0000	192
		_CantaPartAlta 		CODE           	0750	0000	136
		_Espera        		CODE           	0A20	0000	64
		_CantaIR       		CODE           	0ACA	0000	50
		_CantaPartBaixa		CODE           	06C8	0000	136

LcTLCD.c estimated size: 1080

shared
		__initialization		CODE           	07D8	0000	120

shared estimated size: 120

TAD_TIMER.C
		_TI_ResetTics  		CODE           	0AFC	0000	36
		_TI_NewTimer   		CODE           	092A	0000	88
		_RSI_Timer0    		CODE           	0B42	0000	28
		_TI_Init       		CODE           	0A60	0000	54
		_TI_GetTics    		CODE           	09D4	0000	76

TAD_TIMER.C estimated size: 282

main.c
		_main          		CODE           	0982	0000	82
		_initPorts     		CODE           	0A96	0000	52
		_RSI           		CODE           	0008	0000	24

main.c estimated size: 158

TAD_SPEAKER.c
		_init_SPK      		CODE           	0BBA	0000	16

TAD_SPEAKER.c estimated size: 16

